01-Jan-2026 13:05:22.235 INFO [main] org.apache.catalina.core.ApplicationContext.log ContextListener: contextInitialized()
01-Jan-2026 13:05:22.235 INFO [main] org.apache.catalina.core.ApplicationContext.log SessionListener: contextInitialized()
01-Jan-2026 13:05:22.235 INFO [main] org.apache.catalina.core.ApplicationContext.log ContextListener: attributeAdded('StockTicker', 'async.Stockticker@460510aa')
01-Jan-2026 13:14:07.829 INFO [Thread-2] org.apache.catalina.core.ApplicationContext.log SessionListener: contextDestroyed()
01-Jan-2026 13:14:07.829 INFO [Thread-2] org.apache.catalina.core.ApplicationContext.log ContextListener: contextDestroyed()
01-Jan-2026 13:22:23.644 INFO [main] org.apache.catalina.core.ApplicationContext.log ContextListener: contextInitialized()
01-Jan-2026 13:22:23.644 INFO [main] org.apache.catalina.core.ApplicationContext.log SessionListener: contextInitialized()
01-Jan-2026 13:22:23.647 INFO [main] org.apache.catalina.core.ApplicationContext.log ContextListener: attributeAdded('StockTicker', 'async.Stockticker@460510aa')
01-Jan-2026 13:56:14.648 INFO [Thread-2] org.apache.catalina.core.ApplicationContext.log SessionListener: contextDestroyed()
01-Jan-2026 13:56:14.648 INFO [Thread-2] org.apache.catalina.core.ApplicationContext.log ContextListener: contextDestroyed()
01-Jan-2026 13:56:21.521 INFO [main] org.apache.catalina.core.ApplicationContext.log ContextListener: contextInitialized()
01-Jan-2026 13:56:21.521 INFO [main] org.apache.catalina.core.ApplicationContext.log SessionListener: contextInitialized()
01-Jan-2026 13:56:21.521 INFO [main] org.apache.catalina.core.ApplicationContext.log ContextListener: attributeAdded('StockTicker', 'async.Stockticker@460510aa')
01-Jan-2026 14:03:57.993 INFO [Thread-2] org.apache.catalina.core.ApplicationContext.log SessionListener: contextDestroyed()
01-Jan-2026 14:03:57.993 INFO [Thread-2] org.apache.catalina.core.ApplicationContext.log ContextListener: contextDestroyed()
01-Jan-2026 14:04:28.071 INFO [main] org.apache.catalina.core.ApplicationContext.log ContextListener: contextInitialized()
01-Jan-2026 14:04:28.071 INFO [main] org.apache.catalina.core.ApplicationContext.log SessionListener: contextInitialized()
01-Jan-2026 14:04:28.073 INFO [main] org.apache.catalina.core.ApplicationContext.log ContextListener: attributeAdded('StockTicker', 'async.Stockticker@460510aa')
01-Jan-2026 14:17:04.610 INFO [Thread-2] org.apache.catalina.core.ApplicationContext.log SessionListener: contextDestroyed()
01-Jan-2026 14:17:04.610 INFO [Thread-2] org.apache.catalina.core.ApplicationContext.log ContextListener: contextDestroyed()
01-Jan-2026 14:17:46.769 INFO [main] org.apache.catalina.core.ApplicationContext.log ContextListener: contextInitialized()
01-Jan-2026 14:17:46.769 INFO [main] org.apache.catalina.core.ApplicationContext.log SessionListener: contextInitialized()
01-Jan-2026 14:17:46.769 INFO [main] org.apache.catalina.core.ApplicationContext.log ContextListener: attributeAdded('StockTicker', 'async.Stockticker@31464a43')
01-Jan-2026 14:20:35.625 INFO [Thread-2] org.apache.catalina.core.ApplicationContext.log SessionListener: contextDestroyed()
01-Jan-2026 14:20:35.625 INFO [Thread-2] org.apache.catalina.core.ApplicationContext.log ContextListener: contextDestroyed()
01-Jan-2026 14:20:40.756 INFO [main] org.apache.catalina.core.ApplicationContext.log ContextListener: contextInitialized()
01-Jan-2026 14:20:40.756 INFO [main] org.apache.catalina.core.ApplicationContext.log SessionListener: contextInitialized()
01-Jan-2026 14:20:40.759 INFO [main] org.apache.catalina.core.ApplicationContext.log ContextListener: attributeAdded('StockTicker', 'async.Stockticker@31464a43')
01-Jan-2026 14:22:46.415 INFO [Thread-2] org.apache.catalina.core.ApplicationContext.log SessionListener: contextDestroyed()
01-Jan-2026 14:22:46.415 INFO [Thread-2] org.apache.catalina.core.ApplicationContext.log ContextListener: contextDestroyed()
01-Jan-2026 14:23:08.956 INFO [main] org.apache.catalina.core.ApplicationContext.log ContextListener: contextInitialized()
01-Jan-2026 14:23:08.956 INFO [main] org.apache.catalina.core.ApplicationContext.log SessionListener: contextInitialized()
01-Jan-2026 14:23:08.956 INFO [main] org.apache.catalina.core.ApplicationContext.log ContextListener: attributeAdded('StockTicker', 'async.Stockticker@31464a43')
01-Jan-2026 14:26:34.640 INFO [Thread-2] org.apache.catalina.core.ApplicationContext.log SessionListener: contextDestroyed()
01-Jan-2026 14:26:34.640 INFO [Thread-2] org.apache.catalina.core.ApplicationContext.log ContextListener: contextDestroyed()
01-Jan-2026 14:26:39.495 INFO [main] org.apache.catalina.core.ApplicationContext.log ContextListener: contextInitialized()
01-Jan-2026 14:26:39.495 INFO [main] org.apache.catalina.core.ApplicationContext.log SessionListener: contextInitialized()
01-Jan-2026 14:26:39.499 INFO [main] org.apache.catalina.core.ApplicationContext.log ContextListener: attributeAdded('StockTicker', 'async.Stockticker@10667848')
01-Jan-2026 14:30:10.086 INFO [Thread-2] org.apache.catalina.core.ApplicationContext.log SessionListener: contextDestroyed()
01-Jan-2026 14:30:10.086 INFO [Thread-2] org.apache.catalina.core.ApplicationContext.log ContextListener: contextDestroyed()
01-Jan-2026 14:30:18.387 INFO [main] org.apache.catalina.core.ApplicationContext.log ContextListener: contextInitialized()
01-Jan-2026 14:30:18.387 INFO [main] org.apache.catalina.core.ApplicationContext.log SessionListener: contextInitialized()
01-Jan-2026 14:30:18.387 INFO [main] org.apache.catalina.core.ApplicationContext.log ContextListener: attributeAdded('StockTicker', 'async.Stockticker@10667848')
01-Jan-2026 14:30:26.683 INFO [Thread-2] org.apache.catalina.core.ApplicationContext.log SessionListener: contextDestroyed()
01-Jan-2026 14:30:26.683 INFO [Thread-2] org.apache.catalina.core.ApplicationContext.log ContextListener: contextDestroyed()
01-Jan-2026 14:30:42.935 INFO [main] org.apache.catalina.core.ApplicationContext.log ContextListener: contextInitialized()
01-Jan-2026 14:30:42.935 INFO [main] org.apache.catalina.core.ApplicationContext.log SessionListener: contextInitialized()
01-Jan-2026 14:30:42.935 INFO [main] org.apache.catalina.core.ApplicationContext.log ContextListener: attributeAdded('StockTicker', 'async.Stockticker@10667848')
01-Jan-2026 14:30:59.437 INFO [Thread-2] org.apache.catalina.core.ApplicationContext.log SessionListener: contextDestroyed()
01-Jan-2026 14:30:59.437 INFO [Thread-2] org.apache.catalina.core.ApplicationContext.log ContextListener: contextDestroyed()
01-Jan-2026 14:32:33.342 INFO [main] org.apache.catalina.core.ApplicationContext.log ContextListener: contextInitialized()
01-Jan-2026 14:32:33.342 INFO [main] org.apache.catalina.core.ApplicationContext.log SessionListener: contextInitialized()
01-Jan-2026 14:32:33.342 INFO [main] org.apache.catalina.core.ApplicationContext.log ContextListener: attributeAdded('StockTicker', 'async.Stockticker@10667848')
01-Jan-2026 14:53:59.864 INFO [main] org.apache.catalina.core.ApplicationContext.log ContextListener: contextInitialized()
01-Jan-2026 14:53:59.864 INFO [main] org.apache.catalina.core.ApplicationContext.log SessionListener: contextInitialized()
01-Jan-2026 14:53:59.864 INFO [main] org.apache.catalina.core.ApplicationContext.log ContextListener: attributeAdded('StockTicker', 'async.Stockticker@10667848')
01-Jan-2026 15:03:16.648 INFO [main] org.apache.catalina.core.ApplicationContext.log ContextListener: contextInitialized()
01-Jan-2026 15:03:16.650 INFO [main] org.apache.catalina.core.ApplicationContext.log SessionListener: contextInitialized()
01-Jan-2026 15:03:16.650 INFO [main] org.apache.catalina.core.ApplicationContext.log ContextListener: attributeAdded('StockTicker', 'async.Stockticker@10667848')
01-Jan-2026 20:46:44.651 INFO [main] org.apache.catalina.core.ApplicationContext.log ContextListener: contextInitialized()
01-Jan-2026 20:46:44.651 INFO [main] org.apache.catalina.core.ApplicationContext.log SessionListener: contextInitialized()
01-Jan-2026 20:46:44.651 INFO [main] org.apache.catalina.core.ApplicationContext.log ContextListener: attributeAdded('StockTicker', 'async.Stockticker@10667848')
